Archive member included to satisfy reference by file (symbol)

c:/program files (x86)/atmel/studio/7.0/toolchain/avr8/avr8-gnu-toolchain/bin/../lib/gcc/avr/5.4.0/avrxmega6\libgcc.a(_exit.o)
                              C:/Program Files (x86)/Atmel/Studio/7.0/Packs/atmel/XMEGAA_DFP/1.1.68/gcc/dev/atxmega256a3bu/avrxmega6/crtatxmega256a3bu.o (exit)
c:/program files (x86)/atmel/studio/7.0/toolchain/avr8/avr8-gnu-toolchain/bin/../lib/gcc/avr/5.4.0/avrxmega6\libgcc.a(_clear_bss.o)
                              colorSensor.o (__do_clear_bss)

Allocating common symbols
Common symbol       size              file

TWIEsendBuffer      0x8               colorSensor.o
temp                0x1               colorSensor.o
raw_blue            0x2               colorSensor.o
raw_red             0x2               colorSensor.o
temp1               0x1               main.o
twiMaster           0x19              colorSensor.o
raw_clear           0x2               colorSensor.o
raw_green           0x2               colorSensor.o
TWI_XFER_STATUS     0x1               colorSensor.o

Discarded input sections

 .data          0x00000000        0x0 C:/Program Files (x86)/Atmel/Studio/7.0/Packs/atmel/XMEGAA_DFP/1.1.68/gcc/dev/atxmega256a3bu/avrxmega6/crtatxmega256a3bu.o
 .bss           0x00000000        0x0 C:/Program Files (x86)/Atmel/Studio/7.0/Packs/atmel/XMEGAA_DFP/1.1.68/gcc/dev/atxmega256a3bu/avrxmega6/crtatxmega256a3bu.o
 .text          0x00000000        0x0 colorSensor.o
 .data          0x00000000        0x0 colorSensor.o
 .bss           0x00000000        0x0 colorSensor.o
 .text          0x00000000        0x0 main.o
 .data          0x00000000        0x0 main.o
 .bss           0x00000000        0x0 main.o
 .text          0x00000000        0x0 twiForPoseidon.o
 .data          0x00000000        0x0 twiForPoseidon.o
 .bss           0x00000000        0x0 twiForPoseidon.o
 .text          0x00000000        0x0 twi_master_driver.o
 .data          0x00000000        0x0 twi_master_driver.o
 .bss           0x00000000        0x0 twi_master_driver.o
 .text.TWI_MasterState
                0x00000000        0xc twi_master_driver.o
 .text.TWI_MasterReady
                0x00000000        0x8 twi_master_driver.o
 .text.TWI_MasterWrite
                0x00000000        0xc twi_master_driver.o
 .text.TWI_MasterRead
                0x00000000       0x12 twi_master_driver.o
 .text.TWI_MasterTransactionFinished
                0x00000000        0x8 twi_master_driver.o
 .text          0x00000000        0x0 c:/program files (x86)/atmel/studio/7.0/toolchain/avr8/avr8-gnu-toolchain/bin/../lib/gcc/avr/5.4.0/avrxmega6\libgcc.a(_exit.o)
 .data          0x00000000        0x0 c:/program files (x86)/atmel/studio/7.0/toolchain/avr8/avr8-gnu-toolchain/bin/../lib/gcc/avr/5.4.0/avrxmega6\libgcc.a(_exit.o)
 .bss           0x00000000        0x0 c:/program files (x86)/atmel/studio/7.0/toolchain/avr8/avr8-gnu-toolchain/bin/../lib/gcc/avr/5.4.0/avrxmega6\libgcc.a(_exit.o)
 .text.libgcc.mul
                0x00000000        0x0 c:/program files (x86)/atmel/studio/7.0/toolchain/avr8/avr8-gnu-toolchain/bin/../lib/gcc/avr/5.4.0/avrxmega6\libgcc.a(_exit.o)
 .text.libgcc.div
                0x00000000        0x0 c:/program files (x86)/atmel/studio/7.0/toolchain/avr8/avr8-gnu-toolchain/bin/../lib/gcc/avr/5.4.0/avrxmega6\libgcc.a(_exit.o)
 .text.libgcc   0x00000000        0x0 c:/program files (x86)/atmel/studio/7.0/toolchain/avr8/avr8-gnu-toolchain/bin/../lib/gcc/avr/5.4.0/avrxmega6\libgcc.a(_exit.o)
 .text.libgcc.prologue
                0x00000000        0x0 c:/program files (x86)/atmel/studio/7.0/toolchain/avr8/avr8-gnu-toolchain/bin/../lib/gcc/avr/5.4.0/avrxmega6\libgcc.a(_exit.o)
 .text.libgcc.builtins
                0x00000000        0x0 c:/program files (x86)/atmel/studio/7.0/toolchain/avr8/avr8-gnu-toolchain/bin/../lib/gcc/avr/5.4.0/avrxmega6\libgcc.a(_exit.o)
 .text.libgcc.fmul
                0x00000000        0x0 c:/program files (x86)/atmel/studio/7.0/toolchain/avr8/avr8-gnu-toolchain/bin/../lib/gcc/avr/5.4.0/avrxmega6\libgcc.a(_exit.o)
 .text.libgcc.fixed
                0x00000000        0x0 c:/program files (x86)/atmel/studio/7.0/toolchain/avr8/avr8-gnu-toolchain/bin/../lib/gcc/avr/5.4.0/avrxmega6\libgcc.a(_exit.o)
 .text          0x00000000        0x0 c:/program files (x86)/atmel/studio/7.0/toolchain/avr8/avr8-gnu-toolchain/bin/../lib/gcc/avr/5.4.0/avrxmega6\libgcc.a(_clear_bss.o)
 .data          0x00000000        0x0 c:/program files (x86)/atmel/studio/7.0/toolchain/avr8/avr8-gnu-toolchain/bin/../lib/gcc/avr/5.4.0/avrxmega6\libgcc.a(_clear_bss.o)
 .bss           0x00000000        0x0 c:/program files (x86)/atmel/studio/7.0/toolchain/avr8/avr8-gnu-toolchain/bin/../lib/gcc/avr/5.4.0/avrxmega6\libgcc.a(_clear_bss.o)
 .text.libgcc.mul
                0x00000000        0x0 c:/program files (x86)/atmel/studio/7.0/toolchain/avr8/avr8-gnu-toolchain/bin/../lib/gcc/avr/5.4.0/avrxmega6\libgcc.a(_clear_bss.o)
 .text.libgcc.div
                0x00000000        0x0 c:/program files (x86)/atmel/studio/7.0/toolchain/avr8/avr8-gnu-toolchain/bin/../lib/gcc/avr/5.4.0/avrxmega6\libgcc.a(_clear_bss.o)
 .text.libgcc   0x00000000        0x0 c:/program files (x86)/atmel/studio/7.0/toolchain/avr8/avr8-gnu-toolchain/bin/../lib/gcc/avr/5.4.0/avrxmega6\libgcc.a(_clear_bss.o)
 .text.libgcc.prologue
                0x00000000        0x0 c:/program files (x86)/atmel/studio/7.0/toolchain/avr8/avr8-gnu-toolchain/bin/../lib/gcc/avr/5.4.0/avrxmega6\libgcc.a(_clear_bss.o)
 .text.libgcc.builtins
                0x00000000        0x0 c:/program files (x86)/atmel/studio/7.0/toolchain/avr8/avr8-gnu-toolchain/bin/../lib/gcc/avr/5.4.0/avrxmega6\libgcc.a(_clear_bss.o)
 .text.libgcc.fmul
                0x00000000        0x0 c:/program files (x86)/atmel/studio/7.0/toolchain/avr8/avr8-gnu-toolchain/bin/../lib/gcc/avr/5.4.0/avrxmega6\libgcc.a(_clear_bss.o)
 .text.libgcc.fixed
                0x00000000        0x0 c:/program files (x86)/atmel/studio/7.0/toolchain/avr8/avr8-gnu-toolchain/bin/../lib/gcc/avr/5.4.0/avrxmega6\libgcc.a(_clear_bss.o)

Memory Configuration

Name             Origin             Length             Attributes
text             0x00000000         0x00100000         xr
data             0x00802000         0x0000ffa0         rw !x
eeprom           0x00810000         0x00010000         rw !x
fuse             0x00820000         0x00000006         rw !x
lock             0x00830000         0x00000400         rw !x
signature        0x00840000         0x00000400         rw !x
user_signatures  0x00850000         0x00000400         rw !x
*default*        0x00000000         0xffffffff

Linker script and memory map

LOAD C:/Program Files (x86)/Atmel/Studio/7.0/Packs/atmel/XMEGAA_DFP/1.1.68/gcc/dev/atxmega256a3bu/avrxmega6/crtatxmega256a3bu.o
LOAD colorSensor.o
LOAD main.o
LOAD twiForPoseidon.o
LOAD twi_master_driver.o
START GROUP
LOAD c:/program files (x86)/atmel/studio/7.0/toolchain/avr8/avr8-gnu-toolchain/bin/../lib/gcc/avr/5.4.0/../../../../avr/lib/avrxmega6\libm.a
END GROUP
START GROUP
LOAD c:/program files (x86)/atmel/studio/7.0/toolchain/avr8/avr8-gnu-toolchain/bin/../lib/gcc/avr/5.4.0/avrxmega6\libgcc.a
LOAD c:/program files (x86)/atmel/studio/7.0/toolchain/avr8/avr8-gnu-toolchain/bin/../lib/gcc/avr/5.4.0/../../../../avr/lib/avrxmega6\libm.a
LOAD c:/program files (x86)/atmel/studio/7.0/toolchain/avr8/avr8-gnu-toolchain/bin/../lib/gcc/avr/5.4.0/../../../../avr/lib/avrxmega6\libc.a
LOAD C:/Program Files (x86)/Atmel/Studio/7.0/Packs/atmel/XMEGAA_DFP/1.1.68/gcc/dev/atxmega256a3bu/avrxmega6\libatxmega256a3bu.a
END GROUP
                0x00100000                __TEXT_REGION_LENGTH__ = DEFINED (__TEXT_REGION_LENGTH__)?__TEXT_REGION_LENGTH__:0x100000
                0x0000ffa0                __DATA_REGION_LENGTH__ = DEFINED (__DATA_REGION_LENGTH__)?__DATA_REGION_LENGTH__:0xffa0
                0x00010000                __EEPROM_REGION_LENGTH__ = DEFINED (__EEPROM_REGION_LENGTH__)?__EEPROM_REGION_LENGTH__:0x10000
                [0x00000006]                __FUSE_REGION_LENGTH__ = DEFINED (__FUSE_REGION_LENGTH__)?__FUSE_REGION_LENGTH__:0x400
                0x00000400                __LOCK_REGION_LENGTH__ = DEFINED (__LOCK_REGION_LENGTH__)?__LOCK_REGION_LENGTH__:0x400
                0x00000400                __SIGNATURE_REGION_LENGTH__ = DEFINED (__SIGNATURE_REGION_LENGTH__)?__SIGNATURE_REGION_LENGTH__:0x400
                0x00000400                __USER_SIGNATURE_REGION_LENGTH__ = DEFINED (__USER_SIGNATURE_REGION_LENGTH__)?__USER_SIGNATURE_REGION_LENGTH__:0x400

.hash
 *(.hash)

.dynsym
 *(.dynsym)

.dynstr
 *(.dynstr)

.gnu.version
 *(.gnu.version)

.gnu.version_d
 *(.gnu.version_d)

.gnu.version_r
 *(.gnu.version_r)

.rel.init
 *(.rel.init)

.rela.init
 *(.rela.init)

.rel.text
 *(.rel.text)
 *(.rel.text.*)
 *(.rel.gnu.linkonce.t*)

.rela.text
 *(.rela.text)
 *(.rela.text.*)
 *(.rela.gnu.linkonce.t*)

.rel.fini
 *(.rel.fini)

.rela.fini
 *(.rela.fini)

.rel.rodata
 *(.rel.rodata)
 *(.rel.rodata.*)
 *(.rel.gnu.linkonce.r*)

.rela.rodata
 *(.rela.rodata)
 *(.rela.rodata.*)
 *(.rela.gnu.linkonce.r*)

.rel.data
 *(.rel.data)
 *(.rel.data.*)
 *(.rel.gnu.linkonce.d*)

.rela.data
 *(.rela.data)
 *(.rela.data.*)
 *(.rela.gnu.linkonce.d*)

.rel.ctors
 *(.rel.ctors)

.rela.ctors
 *(.rela.ctors)

.rel.dtors
 *(.rel.dtors)

.rela.dtors
 *(.rela.dtors)

.rel.got
 *(.rel.got)

.rela.got
 *(.rela.got)

.rel.bss
 *(.rel.bss)

.rela.bss
 *(.rela.bss)

.rel.plt
 *(.rel.plt)

.rela.plt
 *(.rela.plt)

.text           0x00000000      0x630
 *(.vectors)
 .vectors       0x00000000      0x1fc C:/Program Files (x86)/Atmel/Studio/7.0/Packs/atmel/XMEGAA_DFP/1.1.68/gcc/dev/atxmega256a3bu/avrxmega6/crtatxmega256a3bu.o
                0x00000000                __vector_default
                0x00000000                __vectors
 *(.vectors)
 *(.progmem.gcc*)
                0x000001fc                . = ALIGN (0x2)
                0x000001fc                __trampolines_start = .
 *(.trampolines)
 .trampolines   0x000001fc        0x0 linker stubs
 *(.trampolines*)
                0x000001fc                __trampolines_end = .
 *libprintf_flt.a:*(.progmem.data)
 *libc.a:*(.progmem.data)
 *(.progmem*)
                0x000001fc                . = ALIGN (0x2)
 *(.jumptables)
 *(.jumptables*)
 *(.lowtext)
 *(.lowtext*)
                0x000001fc                __ctors_start = .
 *(.ctors)
                0x000001fc                __ctors_end = .
                0x000001fc                __dtors_start = .
 *(.dtors)
                0x000001fc                __dtors_end = .
 SORT(*)(.ctors)
 SORT(*)(.dtors)
 *(.init0)
 .init0         0x000001fc        0x0 C:/Program Files (x86)/Atmel/Studio/7.0/Packs/atmel/XMEGAA_DFP/1.1.68/gcc/dev/atxmega256a3bu/avrxmega6/crtatxmega256a3bu.o
                0x000001fc                __init
 *(.init0)
 *(.init1)
 *(.init1)
 *(.init2)
 .init2         0x000001fc       0x10 C:/Program Files (x86)/Atmel/Studio/7.0/Packs/atmel/XMEGAA_DFP/1.1.68/gcc/dev/atxmega256a3bu/avrxmega6/crtatxmega256a3bu.o
 *(.init2)
 *(.init3)
 *(.init3)
 *(.init4)
 .init4         0x0000020c       0x10 c:/program files (x86)/atmel/studio/7.0/toolchain/avr8/avr8-gnu-toolchain/bin/../lib/gcc/avr/5.4.0/avrxmega6\libgcc.a(_clear_bss.o)
                0x0000020c                __do_clear_bss
 *(.init4)
 *(.init5)
 *(.init5)
 *(.init6)
 *(.init6)
 *(.init7)
 *(.init7)
 *(.init8)
 *(.init8)
 *(.init9)
 .init9         0x0000021c        0x8 C:/Program Files (x86)/Atmel/Studio/7.0/Packs/atmel/XMEGAA_DFP/1.1.68/gcc/dev/atxmega256a3bu/avrxmega6/crtatxmega256a3bu.o
 *(.init9)
 *(.text)
 .text          0x00000224        0x4 C:/Program Files (x86)/Atmel/Studio/7.0/Packs/atmel/XMEGAA_DFP/1.1.68/gcc/dev/atxmega256a3bu/avrxmega6/crtatxmega256a3bu.o
                0x00000224                __vector_38
                0x00000224                __vector_104
                0x00000224                __vector_22
                0x00000224                __vector_63
                0x00000224                __vector_28
                0x00000224                __vector_67
                0x00000224                __vector_1
                0x00000224                __vector_119
                0x00000224                __vector_32
                0x00000224                __vector_75
                0x00000224                __vector_71
                0x00000224                __vector_91
                0x00000224                __vector_34
                0x00000224                __vector_62
                0x00000224                __vector_77
                0x00000224                __vector_102
                0x00000224                __vector_24
                0x00000224                __vector_12
                0x00000224                __vector_55
                0x00000224                __vector_69
                0x00000224                __vector_81
                0x00000224                __vector_90
                0x00000224                __bad_interrupt
                0x00000224                __vector_122
                0x00000224                __vector_72
                0x00000224                __vector_114
                0x00000224                __vector_6
                0x00000224                __vector_110
                0x00000224                __vector_31
                0x00000224                __vector_92
                0x00000224                __vector_35
                0x00000224                __vector_78
                0x00000224                __vector_74
                0x00000224                __vector_117
                0x00000224                __vector_39
                0x00000224                __vector_107
                0x00000224                __vector_3
                0x00000224                __vector_105
                0x00000224                __vector_98
                0x00000224                __vector_23
                0x00000224                __vector_68
                0x00000224                __vector_30
                0x00000224                __vector_73
                0x00000224                __vector_45
                0x00000224                __vector_25
                0x00000224                __vector_93
                0x00000224                __vector_61
                0x00000224                __vector_11
                0x00000224                __vector_54
                0x00000224                __vector_99
                0x00000224                __vector_13
                0x00000224                __vector_17
                0x00000224                __vector_19
                0x00000224                __vector_56
                0x00000224                __vector_7
                0x00000224                __vector_125
                0x00000224                __vector_49
                0x00000224                __vector_123
                0x00000224                __vector_41
                0x00000224                __vector_86
                0x00000224                __vector_100
                0x00000224                __vector_101
                0x00000224                __vector_64
                0x00000224                __vector_88
                0x00000224                __vector_109
                0x00000224                __vector_43
                0x00000224                __vector_27
                0x00000224                __vector_5
                0x00000224                __vector_113
                0x00000224                __vector_33
                0x00000224                __vector_76
                0x00000224                __vector_115
                0x00000224                __vector_47
                0x00000224                __vector_52
                0x00000224                __vector_37
                0x00000224                __vector_95
                0x00000224                __vector_103
                0x00000224                __vector_96
                0x00000224                __vector_89
                0x00000224                __vector_108
                0x00000224                __vector_4
                0x00000224                __vector_44
                0x00000224                __vector_82
                0x00000224                __vector_106
                0x00000224                __vector_118
                0x00000224                __vector_51
                0x00000224                __vector_9
                0x00000224                __vector_2
                0x00000224                __vector_21
                0x00000224                __vector_15
                0x00000224                __vector_66
                0x00000224                __vector_36
                0x00000224                __vector_79
                0x00000224                __vector_58
                0x00000224                __vector_70
                0x00000224                __vector_83
                0x00000224                __vector_29
                0x00000224                __vector_60
                0x00000224                __vector_121
                0x00000224                __vector_40
                0x00000224                __vector_85
                0x00000224                __vector_94
                0x00000224                __vector_126
                0x00000224                __vector_8
                0x00000224                __vector_26
                0x00000224                __vector_48
                0x00000224                __vector_124
                0x00000224                __vector_116
                0x00000224                __vector_112
                0x00000224                __vector_111
                0x00000224                __vector_80
                0x00000224                __vector_14
                0x00000224                __vector_84
                0x00000224                __vector_57
                0x00000224                __vector_53
                0x00000224                __vector_10
                0x00000224                __vector_50
                0x00000224                __vector_16
                0x00000224                __vector_59
                0x00000224                __vector_18
                0x00000224                __vector_97
                0x00000224                __vector_20
                0x00000224                __vector_42
                0x00000224                __vector_87
                0x00000224                __vector_65
                0x00000224                __vector_120
                0x00000228                . = ALIGN (0x2)
 *(.text.*)
 .text.xmega_RGBsensor_init
                0x00000228      0x12a colorSensor.o
                0x00000228                xmega_RGBsensor_init
 .text.xmega_read_RGB_values
                0x00000352       0x80 colorSensor.o
                0x00000352                xmega_read_RGB_values
 .text.main     0x000003d2       0x1e main.o
                0x000003d2                main
 .text.__vector_46
                0x000003f0       0x54 main.o
                0x000003f0                __vector_46
 .text.TWIE_initialization
                0x00000444       0x2a twiForPoseidon.o
                0x00000444                TWIE_initialization
 .text.TWI_MasterInit
                0x0000046e       0x22 twi_master_driver.o
                0x0000046e                TWI_MasterInit
 .text.TWI_MasterWriteRead
                0x00000490       0x88 twi_master_driver.o
                0x00000490                TWI_MasterWriteRead
 .text.TWI_MasterArbitrationLostBusErrorHandler
                0x00000518       0x24 twi_master_driver.o
                0x00000518                TWI_MasterArbitrationLostBusErrorHandler
 .text.TWI_MasterWriteHandler
                0x0000053c       0x64 twi_master_driver.o
                0x0000053c                TWI_MasterWriteHandler
 .text.TWI_MasterReadHandler
                0x000005a0       0x5a twi_master_driver.o
                0x000005a0                TWI_MasterReadHandler
 .text.TWI_MasterInterruptHandler
                0x000005fa       0x32 twi_master_driver.o
                0x000005fa                TWI_MasterInterruptHandler
                0x0000062c                . = ALIGN (0x2)
 *(.fini9)
 .fini9         0x0000062c        0x0 c:/program files (x86)/atmel/studio/7.0/toolchain/avr8/avr8-gnu-toolchain/bin/../lib/gcc/avr/5.4.0/avrxmega6\libgcc.a(_exit.o)
                0x0000062c                _exit
                0x0000062c                exit
 *(.fini9)
 *(.fini8)
 *(.fini8)
 *(.fini7)
 *(.fini7)
 *(.fini6)
 *(.fini6)
 *(.fini5)
 *(.fini5)
 *(.fini4)
 *(.fini4)
 *(.fini3)
 *(.fini3)
 *(.fini2)
 *(.fini2)
 *(.fini1)
 *(.fini1)
 *(.fini0)
 .fini0         0x0000062c        0x4 c:/program files (x86)/atmel/studio/7.0/toolchain/avr8/avr8-gnu-toolchain/bin/../lib/gcc/avr/5.4.0/avrxmega6\libgcc.a(_exit.o)
 *(.fini0)
                0x00000630                _etext = .

.data           0x00802000        0x0 load address 0x00000630
                [!provide]                PROVIDE (__data_start, .)
 *(.data)
 *(.data*)
 *(.gnu.linkonce.d*)
 *(.rodata)
 *(.rodata*)
 *(.gnu.linkonce.r*)
                0x00802000                . = ALIGN (0x2)
                0x00802000                _edata = .
                [!provide]                PROVIDE (__data_end, .)

.bss            0x00802000       0x2c
                0x00802000                PROVIDE (__bss_start, .)
 *(.bss)
 *(.bss*)
 *(COMMON)
 COMMON         0x00802000       0x2b colorSensor.o
                0x00802000                TWIEsendBuffer
                0x00802008                temp
                0x00802009                raw_blue
                0x0080200b                raw_red
                0x0080200d                twiMaster
                0x00802026                raw_clear
                0x00802028                raw_green
                0x0080202a                TWI_XFER_STATUS
 COMMON         0x0080202b        0x1 main.o
                0x0080202b                temp1
                0x0080202c                PROVIDE (__bss_end, .)
                0x00000630                __data_load_start = LOADADDR (.data)
                0x00000630                __data_load_end = (__data_load_start + SIZEOF (.data))

.noinit         0x0080202c        0x0
                [!provide]                PROVIDE (__noinit_start, .)
 *(.noinit*)
                [!provide]                PROVIDE (__noinit_end, .)
                0x0080202c                _end = .
                [!provide]                PROVIDE (__heap_start, .)

.eeprom         0x00810000        0x0
 *(.eeprom*)
                0x00810000                __eeprom_end = .

.fuse
 *(.fuse)
 *(.lfuse)
 *(.hfuse)
 *(.efuse)

.lock
 *(.lock*)

.signature
 *(.signature*)

.user_signatures
 *(.user_signatures*)

.stab
 *(.stab)

.stabstr
 *(.stabstr)

.stab.excl
 *(.stab.excl)

.stab.exclstr
 *(.stab.exclstr)

.stab.index
 *(.stab.index)

.stab.indexstr
 *(.stab.indexstr)

.comment        0x00000000       0x30
 *(.comment)
 .comment       0x00000000       0x30 colorSensor.o
                                 0x31 (size before relaxing)
 .comment       0x00000030       0x31 main.o
 .comment       0x00000030       0x31 twiForPoseidon.o
 .comment       0x00000030       0x31 twi_master_driver.o

.note.gnu.avr.deviceinfo
                0x00000000       0x44
 .note.gnu.avr.deviceinfo
                0x00000000       0x44 C:/Program Files (x86)/Atmel/Studio/7.0/Packs/atmel/XMEGAA_DFP/1.1.68/gcc/dev/atxmega256a3bu/avrxmega6/crtatxmega256a3bu.o

.note.gnu.build-id
 *(.note.gnu.build-id)

.debug
 *(.debug)

.line
 *(.line)

.debug_srcinfo
 *(.debug_srcinfo)

.debug_sfnames
 *(.debug_sfnames)

.debug_aranges  0x00000000       0xe0
 *(.debug_aranges)
 .debug_aranges
                0x00000000       0x28 colorSensor.o
 .debug_aranges
                0x00000028       0x28 main.o
 .debug_aranges
                0x00000050       0x20 twiForPoseidon.o
 .debug_aranges
                0x00000070       0x70 twi_master_driver.o

.debug_pubnames
 *(.debug_pubnames)

.debug_info     0x00000000     0x4ac5
 *(.debug_info .gnu.linkonce.wi.*)
 .debug_info    0x00000000     0x3379 C:/Program Files (x86)/Atmel/Studio/7.0/Packs/atmel/XMEGAA_DFP/1.1.68/gcc/dev/atxmega256a3bu/avrxmega6/crtatxmega256a3bu.o
 .debug_info    0x00003379      0x4d8 colorSensor.o
 .debug_info    0x00003851      0x3d8 main.o
 .debug_info    0x00003c29      0x620 twiForPoseidon.o
 .debug_info    0x00004249      0x87c twi_master_driver.o

.debug_abbrev   0x00000000     0x36bf
 *(.debug_abbrev)
 .debug_abbrev  0x00000000     0x30c4 C:/Program Files (x86)/Atmel/Studio/7.0/Packs/atmel/XMEGAA_DFP/1.1.68/gcc/dev/atxmega256a3bu/avrxmega6/crtatxmega256a3bu.o
 .debug_abbrev  0x000030c4      0x121 colorSensor.o
 .debug_abbrev  0x000031e5      0x122 main.o
 .debug_abbrev  0x00003307      0x121 twiForPoseidon.o
 .debug_abbrev  0x00003428      0x297 twi_master_driver.o

.debug_line     0x00000000      0xca1
 *(.debug_line .debug_line.* .debug_line_end)
 .debug_line    0x00000000      0x39d C:/Program Files (x86)/Atmel/Studio/7.0/Packs/atmel/XMEGAA_DFP/1.1.68/gcc/dev/atxmega256a3bu/avrxmega6/crtatxmega256a3bu.o
 .debug_line    0x0000039d      0x265 colorSensor.o
 .debug_line    0x00000602      0x17c main.o
 .debug_line    0x0000077e      0x150 twiForPoseidon.o
 .debug_line    0x000008ce      0x3d3 twi_master_driver.o

.debug_frame    0x00000000      0x1d4
 *(.debug_frame)
 .debug_frame   0x00000000       0x44 colorSensor.o
 .debug_frame   0x00000044       0x7c main.o
 .debug_frame   0x000000c0       0x24 twiForPoseidon.o
 .debug_frame   0x000000e4       0xf0 twi_master_driver.o

.debug_str      0x00000000     0x2b08
 *(.debug_str)
 .debug_str     0x00000000     0x21e4 C:/Program Files (x86)/Atmel/Studio/7.0/Packs/atmel/XMEGAA_DFP/1.1.68/gcc/dev/atxmega256a3bu/avrxmega6/crtatxmega256a3bu.o
 .debug_str     0x000021e4      0x2e2 colorSensor.o
                                0x329 (size before relaxing)
 .debug_str     0x000024c6       0x52 main.o
                                0x34f (size before relaxing)
 .debug_str     0x00002518      0x2d4 twiForPoseidon.o
                                0x58c (size before relaxing)
 .debug_str     0x000027ec      0x31c twi_master_driver.o
                                0x64e (size before relaxing)

.debug_loc      0x00000000      0x746
 *(.debug_loc)
 .debug_loc     0x00000000       0x44 colorSensor.o
 .debug_loc     0x00000044       0xcb main.o
 .debug_loc     0x0000010f      0x637 twi_master_driver.o

.debug_macinfo
 *(.debug_macinfo)

.debug_weaknames
 *(.debug_weaknames)

.debug_funcnames
 *(.debug_funcnames)

.debug_typenames
 *(.debug_typenames)

.debug_varnames
 *(.debug_varnames)

.debug_pubtypes
 *(.debug_pubtypes)

.debug_ranges   0x00000000       0xa0
 *(.debug_ranges)
 .debug_ranges  0x00000000       0x18 colorSensor.o
 .debug_ranges  0x00000018       0x18 main.o
 .debug_ranges  0x00000030       0x10 twiForPoseidon.o
 .debug_ranges  0x00000040       0x60 twi_master_driver.o

.debug_macro
 *(.debug_macro)
OUTPUT(XMEGA_I2C.elf elf32-avr)
LOAD linker stubs
